// Jest Snapshot v1, https://goo.gl/fbAQLP

exports[`Header.vue renders header: new message 1`] = `
"Home |
    About"
`;
